08-08 06:53:48.925 27899 27899 F libc    : Fatal signal 6 (SIGABRT), code -6 (SI_TKILL) in tid 27899 (moe.nb4a:bg), pid 27899 (moe.nb4a:bg)
08-08 06:53:49.766 18966 18966 F DEBUG   : *** *** *** *** *** *** *** *** *** *** *** *** *** *** *** ***
08-08 06:53:49.766 18966 18966 F DEBUG   : Build fingerprint: 'Redmi/sea_global/sea:14/UP1A.230905.011/V816.0.3.0.UHZTWXM:user/release-keys'
08-08 06:53:49.766 18966 18966 F DEBUG   : Revision: '0'
08-08 06:53:49.766 18966 18966 F DEBUG   : ABI: 'arm64'
08-08 06:53:49.766 18966 18966 F DEBUG   : Timestamp: 2024-08-08 06:53:49.116641740+0500
08-08 06:53:49.766 18966 18966 F DEBUG   : Process uptime: 17564s
08-08 06:53:49.766 18966 18966 F DEBUG   : Cmdline: moe.nb4a:bg
08-08 06:53:49.766 18966 18966 F DEBUG   : pid: 27899, tid: 27899, name: moe.nb4a:bg  >>> moe.nb4a:bg <<<
08-08 06:53:49.766 18966 18966 F DEBUG   : uid: 10539
08-08 06:53:49.766 18966 18966 F DEBUG   : signal 6 (SIGABRT), code -6 (SI_TKILL), fault addr --------
08-08 06:53:49.766 18966 18966 F DEBUG   :     x0  0000000000000000  x1  0000000000006cfb  x2  0000000000000006  x3  0000000000000008
08-08 06:53:49.766 18966 18966 F DEBUG   :     x4  0000000000000001  x5  0000007feae4f718  x6  0000000000000000  x7  0000000000000000
08-08 06:53:49.766 18966 18966 F DEBUG   :     x8  0000000000000083  x9  000000000000ca57  x10 000000000000000e  x11 000000769e078a97
08-08 06:53:49.766 18966 18966 F DEBUG   :     x12 0000000000000002  x13 000000769d3daa68  x14 00000000000001ce  x15 00000000000001cf
08-08 06:53:49.766 18966 18966 F DEBUG   :     x16 0000007fead58c40  x17 0000007feae4f3a0  x18 00000077cd7da000  x19 0000000000006cfb
08-08 06:53:49.766 18966 18966 F DEBUG   :     x20 0000007feae4f240  x21 0000004000060008  x22 00000076a4ee763e  x23 000000000000106e
08-08 06:53:49.767 18966 18966 F DEBUG   :     x24 000000771c491580  x25 0000007feae4fc70  x26 0000000000000000  x27 0000000000000010
08-08 06:53:49.767 18966 18966 F DEBUG   :     x28 0000004000002700  x29 000000400037dc28
08-08 06:53:49.767 18966 18966 F DEBUG   :     lr  000000769d4c2ac4  sp  000000400037dc30  pc  000000769d4e1ea8  pst 0000000080001000
08-08 06:53:49.767 18966 18966 F DEBUG   : 1 total frames
08-08 06:53:49.767 18966 18966 F DEBUG   : backtrace:
08-08 06:53:49.767 18966 18966 F DEBUG   :       #00 pc 00000000004acea8  /data/app/~~kQNLS7IxGlq5jwHRpwssBg==/moe.nb4a-o6fjQUIb4c2ZiKFcLAmQtg==/lib/arm64/libgojni.so
--------- beginning of system
08-08 06:53:50.237 18981 18981 D ActivityThread: useGrowthLimitOutExpendMethod invoke error.
08-08 13:27:25.676 18981 18981 W BpBinder: Slow Binder: BpBinder transact took 417 ms, interface=android.content.pm.IPackageManager, code=36 oneway=false
08-08 13:27:25.695 15367 15367 W BpBinder: Slow Binder: BpBinder transact took 391 ms, interface=android.content.pm.IPackageManager, code=36 oneway=false
08-08 13:27:26.331 18981 18981 W BpBinder: Slow Binder: BpBinder transact took 251 ms, interface=android.content.pm.IPackageManager, code=36 oneway=false
08-08 13:27:26.403 15367 15367 W BpBinder: Slow Binder: BpBinder transact took 226 ms, interface=android.content.pm.IPackageManager, code=36 oneway=false
08-08 13:27:28.655 15367 15367 W BpBinder: Slow Binder: BpBinder transact took 355 ms, interface=android.content.pm.IPackageManager, code=36 oneway=false
08-08 13:27:28.705 18981 18981 W BpBinder: Slow Binder: BpBinder transact took 322 ms, interface=android.content.pm.IPackageManager, code=36 oneway=false
08-08 13:27:29.210 15367 15367 W BpBinder: Slow Binder: BpBinder transact took 339 ms, interface=android.content.pm.IPackageManager, code=36 oneway=false
08-08 13:27:29.302 18981 18981 W BpBinder: Slow Binder: BpBinder transact took 210 ms, interface=android.content.pm.IPackageManager, code=36 oneway=false
08-08 13:27:33.432 15367 15367 W BpBinder: Slow Binder: BpBinder transact took 224 ms, interface=android.content.pm.IPackageManager, code=36 oneway=false
08-08 13:27:33.849 18981 18981 W BpBinder: Slow Binder: BpBinder transact took 624 ms, interface=android.content.pm.IPackageManager, code=36 oneway=false
08-08 13:28:02.608 15367 15367 W BpBinder: Slow Binder: BpBinder transact took 229 ms, interface=android.content.pm.IPackageManager, code=36 oneway=false
08-08 13:28:02.627 18981 18981 W BpBinder: Slow Binder: BpBinder transact took 226 ms, interface=android.content.pm.IPackageManager, code=36 oneway=false
08-08 13:28:03.177 18981 18981 W BpBinder: Slow Binder: BpBinder transact took 250 ms, interface=android.content.pm.IPackageManager, code=36 oneway=false
08-08 13:28:03.190 15367 15367 W BpBinder: Slow Binder: BpBinder transact took 203 ms, interface=android.content.pm.IPackageManager, code=36 oneway=false
08-08 13:29:02.571 18981 18981 W BpBinder: Slow Binder: BpBinder transact took 370 ms, interface=android.content.pm.IPackageManager, code=36 oneway=false
08-08 13:29:02.821 15367 15367 W BpBinder: Slow Binder: BpBinder transact took 621 ms, interface=android.content.pm.IPackageManager, code=36 oneway=false
08-08 13:29:03.197 15367 15367 W Looper  : PerfMonitor longMsg : seq=15776 plan=13:29:02.101 late=0ms wall=1095ms h=android.app.ActivityThread$H c=android.app.LoadedApk$ReceiverDispatcher$Args$$ExternalSyntheticLambda0 procState=-1
08-08 13:29:03.204 18981 18981 W Looper  : PerfMonitor longMsg : seq=75 plan=13:29:02.129 late=0ms wall=1073ms h=android.app.ActivityThread$H c=android.app.LoadedApk$ReceiverDispatcher$Args$$ExternalSyntheticLambda0 procState=-1
08-08 13:29:03.465 18981 18981 W BpBinder: Slow Binder: BpBinder transact took 261 ms, interface=android.content.pm.IPackageManager, code=36 oneway=false
08-08 13:29:03.626 15367 15367 W BpBinder: Slow Binder: BpBinder transact took 429 ms, interface=android.content.pm.IPackageManager, code=36 oneway=false
08-08 13:29:09.334 15367 15367 W BpBinder: Slow Binder: BpBinder transact took 427 ms, interface=android.content.pm.IPackageManager, code=36 oneway=false
08-08 13:29:09.734 18981 18981 W BpBinder: Slow Binder: BpBinder transact took 791 ms, interface=android.content.pm.IPackageManager, code=36 oneway=false
08-08 13:29:10.047 15367 15367 W Looper  : PerfMonitor longMsg : seq=15783 plan=13:29:08.908 late=0ms wall=1123ms h=android.app.ActivityThread$H c=android.app.LoadedApk$ReceiverDispatcher$Args$$ExternalSyntheticLambda0 procState=-1
08-08 13:29:10.500 15367 15367 W BpBinder: Slow Binder: BpBinder transact took 453 ms, interface=android.content.pm.IPackageManager, code=36 oneway=false
08-08 13:29:10.502 18981 18981 W Looper  : PerfMonitor longMsg : seq=82 plan=13:29:08.942 late=1ms wall=1559ms h=android.app.ActivityThread$H c=android.app.LoadedApk$ReceiverDispatcher$Args$$ExternalSyntheticLambda0 procState=-1
08-08 13:29:41.388 15367 15367 W BpBinder: Slow Binder: BpBinder transact took 294 ms, interface=android.content.pm.IPackageManager, code=36 oneway=false
08-08 13:29:41.688 18981 18981 W BpBinder: Slow Binder: BpBinder transact took 545 ms, interface=android.content.pm.IPackageManager, code=36 oneway=false
08-08 13:29:42.361 15367 15367 W BpBinder: Slow Binder: BpBinder transact took 418 ms, interface=android.content.pm.IPackageManager, code=36 oneway=false
08-08 13:29:42.654 18981 18981 W BpBinder: Slow Binder: BpBinder transact took 550 ms, interface=android.content.pm.IPackageManager, code=36 oneway=false
08-08 13:34:29.371 15367 15367 I ForceDarkHelperStubImpl: setViewRootImplForceDark: false for io.nekohasekai.sagernet.ui.MainActivity@e69bda6, reason: AppDarkModeEnable
08-08 13:34:30.328 18981 18999 W BpBinder: Slow Binder: BpBinder transact took 254 ms, interface=android.app.INotificationManager, code=7 oneway=false
08-08 13:34:55.598 18981 23856 W BpBinder: Slow Binder: BpBinder transact took 350 ms, interface=android.app.INotificationManager, code=7 oneway=false
08-08 13:34:56.452 15367 15367 W BpBinder: Slow Binder: BpBinder transact took 586 ms, interface=android.content.pm.IPackageManager, code=36 oneway=false
08-08 13:34:56.703 18981 18981 W BpBinder: Slow Binder: BpBinder transact took 605 ms, interface=android.content.pm.IPackageManager, code=36 oneway=false
08-08 13:34:57.102 18981 18981 W Looper  : PerfMonitor longMsg : seq=208 plan=13:34:56.097 late=0ms wall=1004ms h=android.app.ActivityThread$H c=android.app.LoadedApk$ReceiverDispatcher$Args$$ExternalSyntheticLambda0 procState=-1
08-08 13:34:57.114 15367 15367 W Looper  : PerfMonitor longMsg : seq=16951 plan=13:34:55.863 late=1ms wall=1250ms h=android.app.ActivityThread$H c=android.app.LoadedApk$ReceiverDispatcher$Args$$ExternalSyntheticLambda0 procState=-1
08-08 13:34:57.745 18981 18981 W BpBinder: Slow Binder: BpBinder transact took 642 ms, interface=android.content.pm.IPackageManager, code=36 oneway=false
08-08 13:34:57.834 15367 15367 W BpBinder: Slow Binder: BpBinder transact took 720 ms, interface=android.content.pm.IPackageManager, code=36 oneway=false
08-08 13:34:58.193 15367 15367 W Looper  : PerfMonitor longMsg : seq=16952 plan=13:34:55.866 late=1248ms wall=1078ms h=android.app.ActivityThread$H c=android.app.LoadedApk$ReceiverDispatcher$Args$$ExternalSyntheticLambda0 procState=-1
08-08 13:35:11.744 15367 15367 I ForceDarkHelperStubImpl: setViewRootImplForceDark: false for io.nekohasekai.sagernet.ui.MainActivity@e69bda6, reason: AppDarkModeEnable
08-08 13:35:31.846 18981 19000 W BpBinder: Slow Binder: BpBinder transact took 510 ms, interface=android.app.INotificationManager, code=7 oneway=false
08-08 13:35:34.248 15367 15367 W BpBinder: Slow Binder: BpBinder transact took 533 ms, interface=android.content.pm.IPackageManager, code=36 oneway=false
08-08 13:35:34.795 18981 18981 W BpBinder: Slow Binder: BpBinder transact took 1063 ms, interface=android.content.pm.IPackageManager, code=36 oneway=false
08-08 13:35:35.220 18981 18981 W Looper  : PerfMonitor longMsg : seq=255 plan=13:35:33.732 late=0ms wall=1486ms h=android.app.ActivityThread$H c=android.app.LoadedApk$ReceiverDispatcher$Args$$ExternalSyntheticLambda0 procState=-1
08-08 13:35:35.715 15367 15367 W Looper  : PerfMonitor longMsg : seq=17459 plan=13:35:33.696 late=0ms wall=1981ms h=android.app.ActivityThread$H c=android.app.LoadedApk$ReceiverDispatcher$Args$$ExternalSyntheticLambda0 procState=-1
08-08 13:35:36.253 18981 19000 W BpBinder: Slow Binder: BpBinder transact took 282 ms, interface=android.app.INotificationManager, code=7 oneway=false
08-08 13:35:41.072 18981 19000 W BpBinder: Slow Binder: BpBinder transact took 558 ms, interface=android.app.INotificationManager, code=7 oneway=false
08-08 13:35:43.693 18981 19000 W BpBinder: Slow Binder: BpBinder transact took 1598 ms, interface=android.app.INotificationManager, code=7 oneway=false
08-08 13:35:51.493 18981 19000 W BpBinder: Slow Binder: BpBinder transact took 429 ms, interface=android.app.INotificationManager, code=7 oneway=false
08-08 13:35:53.023 18981 19000 W BpBinder: Slow Binder: BpBinder transact took 523 ms, interface=android.app.INotificationManager, code=7 oneway=false
08-08 13:41:56.697 18981 18981 W BpBinder: Slow Binder: BpBinder transact took 356 ms, interface=android.content.pm.IPackageManager, code=36 oneway=false
08-08 13:41:56.748 15367 15367 W BpBinder: Slow Binder: BpBinder transact took 436 ms, interface=android.content.pm.IPackageManager, code=36 oneway=false
08-08 13:43:43.939 15367 15367 I ForceDarkHelperStubImpl: setViewRootImplForceDark: false for io.nekohasekai.sagernet.ui.MainActivity@e69bda6, reason: AppDarkModeEnable
08-08 13:47:48.593 18981 18981 W BpBinder: Slow Binder: BpBinder transact took 601 ms, interface=android.content.pm.IPackageManager, code=36 oneway=false
08-08 13:47:48.658 15367 15367 W BpBinder: Slow Binder: BpBinder transact took 714 ms, interface=android.content.pm.IPackageManager, code=36 oneway=false
08-08 13:47:49.022 18981 18981 W Looper  : PerfMonitor longMsg : seq=365 plan=13:47:47.991 late=0ms wall=1031ms h=android.app.ActivityThread$H c=android.app.LoadedApk$ReceiverDispatcher$Args$$ExternalSyntheticLambda0 procState=-1
08-08 13:47:49.252 15367 15367 I ForceDarkHelperStubImpl: setViewRootImplForceDark: false for io.nekohasekai.sagernet.ui.MainActivity@e69bda6, reason: AppDarkModeEnable
08-08 13:47:49.265 18981 18981 W BpBinder: Slow Binder: BpBinder transact took 243 ms, interface=android.content.pm.IPackageManager, code=36 oneway=false
08-08 13:47:58.012 15367 15367 I ForceDarkHelperStubImpl: setViewRootImplForceDark: false for io.nekohasekai.sagernet.ui.MainActivity@e69bda6, reason: AppDarkModeEnable
08-08 13:47:58.037 15367 15367 I ForceDarkHelperStubImpl: setViewRootImplForceDark: false for io.nekohasekai.sagernet.ui.MainActivity@e69bda6, reason: AppDarkModeEnable
08-08 13:48:02.777 18981 18981 W Looper  : PerfMonitor doFrame : time=0ms vsyncFrame=0 latency=766ms procState=-1 historyMsgCount=1 (msgIndex=1 wall=719ms seq=404 h=android.os.Handler c=kotlinx.coroutines.internal.DispatchedContinuation)
08-08 13:48:27.982 15367 15367 I ForceDarkHelperStubImpl: setViewRootImplForceDark: false for io.nekohasekai.sagernet.ui.MainActivity@e69bda6, reason: AppDarkModeEnable
08-08 13:48:30.880 15367 15367 W Looper  : PerfMonitor doFrame : time=307ms vsyncFrame=0 latency=104ms procState=-1 historyMsgCount=4 (msgIndex=2 wall=74ms seq=20066 late=54ms h=android.os.Handler c=androidx.fragment.app.FragmentManager$5)
08-08 13:48:32.154 15367 15367 I ForceDarkHelperStubImpl: setViewRootImplForceDark: false for io.nekohasekai.sagernet.ui.MainActivity@e69bda6, reason: AppDarkModeEnable
08-08 13:48:32.187 15367 15367 I ForceDarkHelperStubImpl: setViewRootImplForceDark: false for io.nekohasekai.sagernet.ui.MainActivity@e69bda6, reason: AppDarkModeEnable
08-08 13:48:36.492 15367 15367 W Looper  : PerfMonitor doFrame : time=331ms vsyncFrame=0 latency=44ms procState=-1 historyMsgCount=4
08-08 13:48:36.524 15367 15367 W Looper  : PerfMonitor doFrame : time=30ms vsyncFrame=0 latency=327ms procState=-1 historyMsgCount=5 (msgIndex=1 wall=331ms seq=20776 late=44ms h=android.view.Choreographer$FrameHandler c=android.view.Choreographer$FrameDisplayEventReceiver)
08-08 13:49:16.435 18981 18999 W BpBinder: Slow Binder: BpBinder transact took 1636 ms, interface=android.app.INotificationManager, code=7 oneway=false
08-08 13:49:18.471 18981 18999 W BpBinder: Slow Binder: BpBinder transact took 1030 ms, interface=android.app.INotificationManager, code=7 oneway=false
08-08 13:49:18.766 18981 23196 W BpBinder: Slow Binder: BpBinder transact took 857 ms, interface=android.os.INetworkManagementService, code=42 oneway=false
08-08 13:49:19.123 18981 23196 W BpBinder: Slow Binder: BpBinder transact took 299 ms, interface=com.google.android.gms.common.internal.IGmsServiceBroker, code=46 oneway=false
08-08 13:55:33.596 15367 15367 I ForceDarkHelperStubImpl: setViewRootImplForceDark: false for io.nekohasekai.sagernet.ui.MainActivity@e69bda6, reason: AppDarkModeEnable
08-08 13:55:34.920 15367 15367 I ForceDarkHelperStubImpl: setViewRootImplForceDark: false for moe.matsuri.nb4a.proxy.neko.NekoSettingActivity@36b90ca, reason: AppDarkModeEnable
08-08 13:55:35.458 15367 15367 W Looper  : PerfMonitor doFrame : time=11ms vsyncFrame=0 latency=441ms procState=-1 historyMsgCount=12 (msgIndex=9 wall=424ms seq=21892 late=16ms h=android.os.Handler c=kotlinx.coroutines.internal.DispatchedContinuation)
08-08 13:55:36.428 15367 15367 I ForceDarkHelperStubImpl: setViewRootImplForceDark: false for moe.matsuri.nb4a.proxy.neko.NekoSettingActivity@36b90ca, reason: AppDarkModeEnable
08-08 13:55:36.450 15367 15367 I ForceDarkHelperStubImpl: setViewRootImplForceDark: false for moe.matsuri.nb4a.proxy.neko.NekoSettingActivity@36b90ca, reason: AppDarkModeEnable
08-08 13:55:39.483 15367 15367 I ForceDarkHelperStubImpl: setViewRootImplForceDark: false for io.nekohasekai.sagernet.ui.MainActivity@e69bda6, reason: AppDarkModeEnable
08-08 13:57:36.824 15367 15367 I ForceDarkHelperStubImpl: setViewRootImplForceDark: false for io.nekohasekai.sagernet.ui.MainActivity@e69bda6, reason: AppDarkModeEnable
08-08 13:57:37.176 15367 15367 W Looper  : PerfMonitor doFrame : time=317ms vsyncFrame=0 latency=1ms procState=-1 historyMsgCount=1
08-08 13:57:37.187 15367 15367 W Looper  : PerfMonitor doFrame : time=12ms vsyncFrame=0 latency=307ms procState=-1 historyMsgCount=1 (msgIndex=1 wall=317ms seq=23069 late=1ms h=android.view.Choreographer$FrameHandler c=android.view.Choreographer$FrameDisplayEventReceiver)
08-08 13:57:40.567 15367 15367 W Looper  : PerfMonitor doFrame : time=431ms vsyncFrame=0 latency=113ms procState=-1 historyMsgCount=5 (msgIndex=2 wall=94ms seq=23479 late=38ms h=android.os.Handler c=androidx.fragment.app.FragmentManager$5)
08-08 13:57:40.579 15367 15367 W Looper  : PerfMonitor doFrame : time=8ms vsyncFrame=0 latency=425ms procState=-1 historyMsgCount=33 (msgIndex=1 wall=431ms seq=23483 late=113ms h=android.view.Choreographer$FrameHandler c=android.view.Choreographer$FrameDisplayEventReceiver)
08-08 13:57:53.843 15367 15367 I ForceDarkHelperStubImpl: setViewRootImplForceDark: false for io.nekohasekai.sagernet.ui.MainActivity@e69bda6, reason: AppDarkModeEnable
08-08 13:57:54.194 15367 15367 W Looper  : PerfMonitor doFrame : time=326ms vsyncFrame=0 latency=4ms procState=-1 historyMsgCount=1
08-08 13:57:54.195 15367 15367 W Looper  : PerfMonitor doFrame : time=2ms vsyncFrame=0 latency=319ms procState=-1 historyMsgCount=1 (msgIndex=1 wall=326ms seq=23896 late=4ms h=android.view.Choreographer$FrameHandler c=android.view.Choreographer$FrameDisplayEventReceiver)
08-08 13:58:02.306 15367 15367 I ForceDarkHelperStubImpl: setViewRootImplForceDark: false for moe.matsuri.nb4a.proxy.neko.NekoSettingActivity@115f526, reason: AppDarkModeEnable
08-08 13:58:03.445 15367 15367 I ForceDarkHelperStubImpl: setViewRootImplForceDark: false for moe.matsuri.nb4a.proxy.neko.NekoSettingActivity@115f526, reason: AppDarkModeEnable
08-08 13:58:03.468 15367 15367 I ForceDarkHelperStubImpl: setViewRootImplForceDark: false for moe.matsuri.nb4a.proxy.neko.NekoSettingActivity@115f526, reason: AppDarkModeEnable
08-08 13:58:13.311 15367 15367 I ForceDarkHelperStubImpl: setViewRootImplForceDark: false for moe.matsuri.nb4a.proxy.neko.NekoSettingActivity@115f526, reason: AppDarkModeEnable
08-08 13:58:13.329 15367 15367 I ForceDarkHelperStubImpl: setViewRootImplForceDark: false for moe.matsuri.nb4a.proxy.neko.NekoSettingActivity@115f526, reason: AppDarkModeEnable
08-08 13:58:14.036 15367 15367 I ForceDarkHelperStubImpl: setViewRootImplForceDark: false for moe.matsuri.nb4a.proxy.neko.NekoSettingActivity@115f526, reason: AppDarkModeEnable
08-08 13:58:14.055 15367 15367 I ForceDarkHelperStubImpl: setViewRootImplForceDark: false for moe.matsuri.nb4a.proxy.neko.NekoSettingActivity@115f526, reason: AppDarkModeEnable
08-08 13:58:19.405 15367 15367 I ForceDarkHelperStubImpl: setViewRootImplForceDark: false for io.nekohasekai.sagernet.ui.MainActivity@e69bda6, reason: AppDarkModeEnable
08-08 13:58:23.963 15367 15367 W Looper  : PerfMonitor doFrame : time=391ms vsyncFrame=0 latency=67ms procState=-1 historyMsgCount=6
08-08 13:58:23.974 15367 15367 W Looper  : PerfMonitor doFrame : time=7ms vsyncFrame=0 latency=385ms procState=-1 historyMsgCount=24 (msgIndex=1 wall=391ms seq=26544 late=67ms h=android.view.Choreographer$FrameHandler c=android.view.Choreographer$FrameDisplayEventReceiver)
08-08 13:59:10.017 15367 15367 I ForceDarkHelperStubImpl: setViewRootImplForceDark: false for io.nekohasekai.sagernet.ui.MainActivity@e69bda6, reason: AppDarkModeEnable
--------- beginning of main
08-08 13:59:10.041 15367 22841 D AppScoutStateMachine: 15367-ScoutStateMachinecreated
08-08 13:59:10.069 15367 15367 D BufferQueueConsumer: [](id:3c0700000017,api:0,p:-1,c:15367) connect: controlledByApp=false
08-08 13:59:10.070 15367 15367 D VRI[MainActivity]: vri.reportNextDraw android.view.ViewRootImpl.performTraversals:4370 android.view.ViewRootImpl.doTraversal:2986 android.view.ViewRootImpl$TraversalRunnable.run:10423 android.view.Choreographer$CallbackRecord.run:1679 android.view.Choreographer$CallbackRecord.run:1688 
08-08 13:59:10.070 15367 15403 E OpenGLRenderer: Unable to match the desired swap behavior.
08-08 13:59:10.070 15367 15367 D VRI[MainActivity]: vri.Setup new sync=wmsSync-VRI[MainActivity]#54
08-08 13:59:10.313 15367 15403 D BLASTBufferQueue: [VRI[MainActivity]#23](f:0,a:1) acquireNextBufferLocked size=1080x2400 mFrameNumber=1 applyTransaction=true mTimestamp=74522275953671(auto) mPendingTransactions.size=0 graphicBufferId=66000762437727 transform=0
08-08 13:59:10.314 15367 15367 D VRI[MainActivity]: vri.reportDrawFinished
08-08 13:59:10.379 15367 15367 I HandWritingStubImpl: refreshLastKeyboardType: 1
08-08 13:59:10.379 15367 15367 I HandWritingStubImpl: getCurrentKeyboardType: 1
08-08 13:59:10.414 15367 15403 I gralloc4: @set_metadata: update dataspace from GM (0x00000000 -> 0x08010000)
08-08 13:59:10.425 15367 15403 I gralloc4: @set_metadata: update dataspace from GM (0x00000000 -> 0x08010000)
08-08 13:59:10.437 15367 15403 I gralloc4: @set_metadata: update dataspace from GM (0x00000000 -> 0x08010000)
08-08 13:59:10.448 15367 15403 I gralloc4: @set_metadata: update dataspace from GM (0x00000000 -> 0x08010000)
08-08 13:59:10.459 15367 15403 I gralloc4: @set_metadata: update dataspace from GM (0x00000000 -> 0x08010000)
08-08 13:59:10.469 15367 15403 I gralloc4: @set_metadata: update dataspace from GM (0x00000000 -> 0x08010000)
08-08 13:59:10.483 15367 15403 I gralloc4: @set_metadata: update dataspace from GM (0x00000000 -> 0x08010000)
08-08 13:59:10.490 15367 15403 I gralloc4: @set_metadata: update dataspace from GM (0x00000000 -> 0x08010000)
08-08 13:59:10.995 15367 15403 I gralloc4: @set_metadata: update dataspace from GM (0x00000000 -> 0x08010000)
08-08 13:59:11.659 15367 15403 I gralloc4: @set_metadata: update dataspace from GM (0x00000000 -> 0x08010000)
08-08 13:59:11.667 15367 15403 I gralloc4: @set_metadata: update dataspace from GM (0x00000000 -> 0x08010000)
08-08 13:59:11.681 15367 15403 I gralloc4: @set_metadata: update dataspace from GM (0x00000000 -> 0x08010000)
08-08 13:59:11.690 15367 15403 I gralloc4: @set_metadata: update dataspace from GM (0x00000000 -> 0x08010000)
08-08 13:59:11.700 15367 15403 I gralloc4: @set_metadata: update dataspace from GM (0x00000000 -> 0x08010000)
08-08 13:59:11.711 15367 15403 I gralloc4: @set_metadata: update dataspace from GM (0x00000000 -> 0x08010000)
08-08 13:59:11.722 15367 15403 I gralloc4: @set_metadata: update dataspace from GM (0x00000000 -> 0x08010000)
08-08 13:59:11.734 15367 15403 I gralloc4: @set_metadata: update dataspace from GM (0x00000000 -> 0x08010000)
08-08 13:59:11.747 15367 15403 I gralloc4: @set_metadata: update dataspace from GM (0x00000000 -> 0x08010000)
08-08 13:59:11.758 15367 15403 I gralloc4: @set_metadata: update dataspace from GM (0x00000000 -> 0x08010000)
08-08 13:59:11.769 15367 15403 I gralloc4: @set_metadata: update dataspace from GM (0x00000000 -> 0x08010000)
08-08 13:59:11.779 15367 15403 I gralloc4: @set_metadata: update dataspace from GM (0x00000000 -> 0x08010000)
08-08 13:59:11.790 15367 15403 I gralloc4: @set_metadata: update dataspace from GM (0x00000000 -> 0x08010000)
08-08 13:59:11.803 15367 15403 I gralloc4: @set_metadata: update dataspace from GM (0x00000000 -> 0x08010000)
08-08 13:59:11.811 15367 15403 I gralloc4: @set_metadata: update dataspace from GM (0x00000000 -> 0x08010000)
08-08 13:59:11.822 15367 15403 I gralloc4: @set_metadata: update dataspace from GM (0x00000000 -> 0x08010000)
08-08 13:59:11.834 15367 15403 I gralloc4: @set_metadata: update dataspace from GM (0x00000000 -> 0x08010000)
08-08 13:59:11.845 15367 15403 I gralloc4: @set_metadata: update dataspace from GM (0x00000000 -> 0x08010000)
08-08 13:59:11.858 15367 15403 I gralloc4: @set_metadata: update dataspace from GM (0x00000000 -> 0x08010000)
08-08 13:59:11.865 15367 15403 I gralloc4: @set_metadata: update dataspace from GM (0x00000000 -> 0x08010000)
08-08 13:59:11.876 15367 15403 I gralloc4: @set_metadata: update dataspace from GM (0x00000000 -> 0x08010000)
08-08 13:59:11.887 15367 15403 I gralloc4: @set_metadata: update dataspace from GM (0x00000000 -> 0x08010000)
08-08 13:59:11.898 15367 15403 I gralloc4: @set_metadata: update dataspace from GM (0x00000000 -> 0x08010000)
08-08 13:59:11.909 15367 15403 I gralloc4: @set_metadata: update dataspace from GM (0x00000000 -> 0x08010000)
08-08 13:59:11.933 15367 15403 I gralloc4: @set_metadata: update dataspace from GM (0x00000000 -> 0x08010000)
08-08 13:59:11.944 15367 15403 I gralloc4: @set_metadata: update dataspace from GM (0x00000000 -> 0x08010000)
08-08 13:59:11.956 15367 15403 I gralloc4: @set_metadata: update dataspace from GM (0x00000000 -> 0x08010000)
08-08 13:59:11.967 15367 15403 I gralloc4: @set_metadata: update dataspace from GM (0x00000000 -> 0x08010000)
08-08 13:59:11.980 15367 15403 I gralloc4: @set_metadata: update dataspace from GM (0x00000000 -> 0x08010000)
08-08 13:59:11.989 15367 15403 I gralloc4: @set_metadata: update dataspace from GM (0x00000000 -> 0x08010000)
08-08 13:59:11.996 15367 15367 V View    :  View.sizeChange(1036,66612,1036,83720)
08-08 13:59:11.996 15367 15367 V View    : java.lang.Throwable
08-08 13:59:11.996 15367 15367 V View    : 	at android.view.View.sizeChange(View.java:25483)
08-08 13:59:11.996 15367 15367 V View    : 	at android.view.View.setFrame(View.java:25431)
08-08 13:59:11.996 15367 15367 V View    : 	at android.widget.TextView.setFrame(TextView.java:8222)
08-08 13:59:11.996 15367 15367 V View    : 	at android.view.View.layout(View.java:25267)
08-08 13:59:11.996 15367 15367 V View    : 	at android.widget.FrameLayout.layoutChildren(FrameLayout.java:332)
08-08 13:59:11.996 15367 15367 V View    : 	at android.widget.FrameLayout.onLayout(FrameLayout.java:270)
08-08 13:59:11.996 15367 15367 V View    : 	at android.widget.ScrollView.onLayout(ScrollView.java:1763)
08-08 13:59:11.996 15367 15367 V View    : 	at android.view.View.layout(View.java:25277)
08-08 13:59:11.996 15367 15367 V View    : 	at android.view.ViewGroup.layout(ViewGroup.java:6546)
08-08 13:59:11.996 15367 15367 V View    : 	at android.widget.LinearLayout.setChildFrame(LinearLayout.java:1891)
08-08 13:59:11.996 15367 15367 V View    : 	at android.widget.LinearLayout.layoutHorizontal(LinearLayout.java:1880)
08-08 13:59:11.996 15367 15367 V View    : 	at android.widget.LinearLayout.onLayout(LinearLayout.java:1640)
08-08 13:59:11.996 15367 15367 V View    : 	at android.view.View.layout(View.java:25277)
08-08 13:59:11.996 15367 15367 V View    : 	at android.view.ViewGroup.layout(ViewGroup.java:6546)
08-08 13:59:11.996 15367 15367 V View    : 	at android.widget.LinearLayout.setChildFrame(LinearLayout.java:1891)
08-08 13:59:11.996 15367 15367 V View    : 	at android.widget.LinearLayout.layoutVertical(LinearLayout.java:1729)
08-08 13:59:11.996 15367 15367 V View    : 	at android.widget.LinearLayout.onLayout(LinearLayout.java:1638)
08-08 13:59:11.996 15367 15367 V View    : 	at android.view.View.layout(View.java:25277)
08-08 13:59:11.996 15367 15367 V View    : 	at android.view.ViewGroup.layout(ViewGroup.java:6546)
08-08 13:59:11.996 15367 15367 V View    : 	at androidx.coordinatorlayout.widget.CoordinatorLayout.onLayoutChild(CoordinatorLayout.java:390)
08-08 13:59:11.996 15367 15367 V View    : 	at androidx.coordinatorlayout.widget.CoordinatorLayout.onLayout(CoordinatorLayout.java:47)
08-08 13:59:11.996 15367 15367 V View    : 	at android.view.View.layout(View.java:25277)
08-08 13:59:11.996 15367 15367 V View    : 	at android.view.ViewGroup.layout(ViewGroup.java:6546)
08-08 13:59:11.996 15367 15367 V View    : 	at androidx.coordinatorlayout.widget.CoordinatorLayout.onLayoutChild(CoordinatorLayout.java:390)
08-08 13:59:11.996 15367 15367 V View    : 	at androidx.coordinatorlayout.widget.CoordinatorLayout.onLayout(CoordinatorLayout.java:47)
08-08 13:59:11.996 15367 15367 V View    : 	at android.view.View.layout(View.java:25277)
08-08 13:59:11.996 15367 15367 V View    : 	at android.view.ViewGroup.layout(ViewGroup.java:6546)
08-08 13:59:11.996 15367 15367 V View    : 	at androidx.drawerlayout.widget.DrawerLayout.onLayout(DrawerLayout.java:58)
08-08 13:59:11.996 15367 15367 V View    : 	at android.view.View.layout(View.java:25277)
08-08 13:59:11.996 15367 15367 V View    : 	at android.view.ViewGroup.layout(ViewGroup.java:6546)
08-08 13:59:11.996 15367 15367 V View    : 	at android.widget.FrameLayout.layoutChildren(FrameLayout.java:332)
08-08 13:59:11.996 15367 15367 V View    : 	at android.widget.FrameLayout.onLayout(FrameLayout.java:270)
08-08 13:59:11.996 15367 15367 V View    : 	at android.view.View.layout(View.java:25277)
08-08 13:59:11.996 15367 15367 V View    : 	at android.view.ViewGroup.layout(ViewGroup.java:6546)
08-08 13:59:11.996 15367 15367 V View    : 	at android.widget.FrameLayout.layoutChildren(FrameLayout.java:332)
08-08 13:59:11.996 15367 15367 V View    : 	at android.widget.FrameLayout.onLayout(FrameLayout.java:270)
08-08 13:59:11.996 15367 15367 V View    : 	at android.view.View.layout(View.java:25277)
08-08 13:59:11.996 15367 15367 V View    : 	at android.view.ViewGroup.layout(ViewGroup.java:6546)
08-08 13:59:11.996 15367 15367 V View    : 	at android.widget.FrameLayout.layoutChildren(FrameLayout.java:332)
08-08 13:59:11.996 15367 15367 V View    : 	at android.widget.FrameLayout.onLayout(FrameLayout.java:270)
08-08 13:59:11.996 15367 15367 V View    : 	at android.view.View.layout(View.java:25277)
08-08 13:59:11.996 15367 15367 V View    : 	at android.view.ViewGroup.layout(ViewGroup.java:6546)
08-08 13:59:11.996 15367 15367 V View    : 	at android.widget.LinearLayout.setChildFrame(LinearLayout.java:1891)
08-08 13:59:11.996 15367 15367 V View    : 	at android.widget.LinearLayout.layoutVertical(LinearLayout.java:1729)
08-08 13:59:11.996 15367 15367 V View    : 	at android.widget.LinearLayout.onLayout(LinearLayout.java:1638)
08-08 13:59:11.996 15367 15367 V View    : 	at android.view.View.layout(View.java:25277)
08-08 13:59:11.996 15367 15367 V View    : 	at android.view.ViewGroup.layout(ViewGroup.java:6546)
08-08 13:59:11.996 15367 15367 V View    : 	at android.widget.FrameLayout.layoutChildren(FrameLayout.java:332)
08-08 13:59:11.996 15367 15367 V View    : 	at android.widget.FrameLayout.onLayout(FrameLayout.java:270)
08-08 13:59:11.996 15367 15367 V View    : 	at com.android.internal.policy.DecorView.onLayout(DecorView.java:852)
08-08 13:59:11.996 15367 15367 V View    : 	at android.view.View.layout(View.java:25277)
08-08 13:59:11.996 15367 15367 V View    : 	at android.view.ViewGroup.layout(ViewGroup.java:6546)
08-08 13:59:11.996 15367 15367 V View    : 	at android.view.ViewRootImpl.performLayout(ViewRootImpl.java:4873)
08-08 13:59:11.996 15367 15367 V View    : 	at android.view.ViewRootImpl.performTraversals(ViewRootImpl.java:4182)
08-08 13:59:11.996 15367 15367 V View    : 	at android.view.ViewRootImpl.doTraversal(ViewRootImpl.java:2986)
08-08 13:59:11.996 15367 15367 V View    : 	at android.view.ViewRootImpl$TraversalRunnable.run(ViewRootImpl.java:10423)
08-08 13:59:11.996 15367 15367 V View    : 	at android.view.Choreographer$CallbackRecord.run(Choreographer.java:1679)
08-08 13:59:11.996 15367 15367 V View    : 	at android.view.Choreographer$CallbackRecord.run(Choreographer.java:1688)
08-08 13:59:11.996 15367 15367 V View    : 	at android.view.Choreographer.doCallbacks(Choreographer.java:1194)
08-08 13:59:11.996 15367 15367 V View    : 	at android.view.Choreographer.doFrame(Choreographer.java:1066)
08-08 13:59:11.996 15367 15367 V View    : 	at android.view.Choreographer$FrameDisplayEventReceiver.run(Choreographer.java:1654)
08-08 13:59:11.996 15367 15367 V View    : 	at android.os.Handler.handleCallback(Handler.java:958)
08-08 13:59:11.996 15367 15367 V View    : 	at android.os.Handler.dispatchMessage(Handler.java:99)
08-08 13:59:11.996 15367 15367 V View    : 	at android.os.Looper.loopOnce(Looper.java:222)
08-08 13:59:11.996 15367 15367 V View    : 	at android.os.Looper.loop(Looper.java:314)
08-08 13:59:11.996 15367 15367 V View    : 	at android.app.ActivityThread.main(ActivityThread.java:8612)
08-08 13:59:11.996 15367 15367 V View    : 	at java.lang.reflect.Method.invoke(Native Method)
08-08 13:59:11.996 15367 15367 V View    : 	at com.android.internal.os.RuntimeInit$MethodAndArgsCaller.run(RuntimeInit.java:565)
08-08 13:59:11.996 15367 15367 V View    : 	at com.android.internal.os.ZygoteInit.main(ZygoteInit.java:1081)
08-08 13:59:12.001 15367 15403 I gralloc4: @set_metadata: update dataspace from GM (0x00000000 -> 0x08010000)
08-08 13:59:12.010 15367 15403 I gralloc4: @set_metadata: update dataspace from GM (0x00000000 -> 0x08010000)
08-08 13:59:12.026 15367 15403 I gralloc4: @set_metadata: update dataspace from GM (0x00000000 -> 0x08010000)
08-08 13:59:12.033 15367 15403 I gralloc4: @set_metadata: update dataspace from GM (0x00000000 -> 0x08010000)
08-08 13:59:12.046 15367 15403 I gralloc4: @set_metadata: update dataspace from GM (0x00000000 -> 0x08010000)
08-08 13:59:12.055 15367 15403 I gralloc4: @set_metadata: update dataspace from GM (0x00000000 -> 0x08010000)
08-08 13:59:12.070 15367 15403 I gralloc4: @set_metadata: update dataspace from GM (0x00000000 -> 0x08010000)
08-08 13:59:12.077 15367 15403 I gralloc4: @set_metadata: update dataspace from GM (0x00000000 -> 0x08010000)
08-08 13:59:12.090 15367 15403 I gralloc4: @set_metadata: update dataspace from GM (0x00000000 -> 0x08010000)
08-08 13:59:12.100 15367 15403 I gralloc4: @set_metadata: update dataspace from GM (0x00000000 -> 0x08010000)
08-08 13:59:12.112 15367 15403 I gralloc4: @set_metadata: update dataspace from GM (0x00000000 -> 0x08010000)
08-08 13:59:12.125 15367 15403 I gralloc4: @set_metadata: update dataspace from GM (0x00000000 -> 0x08010000)
08-08 13:59:12.134 15367 15403 I gralloc4: @set_metadata: update dataspace from GM (0x00000000 -> 0x08010000)
08-08 13:59:12.144 15367 15403 I gralloc4: @set_metadata: update dataspace from GM (0x00000000 -> 0x08010000)
08-08 13:59:12.163 15367 15403 I gralloc4: @set_metadata: update dataspace from GM (0x00000000 -> 0x08010000)
08-08 13:59:12.167 15367 15403 I gralloc4: @set_metadata: update dataspace from GM (0x00000000 -> 0x08010000)
08-08 13:59:12.177 15367 15403 I gralloc4: @set_metadata: update dataspace from GM (0x00000000 -> 0x08010000)
08-08 13:59:12.188 15367 15403 I gralloc4: @set_metadata: update dataspace from GM (0x00000000 -> 0x08010000)
08-08 13:59:12.199 15367 15403 I gralloc4: @set_metadata: update dataspace from GM (0x00000000 -> 0x08010000)
08-08 13:59:12.212 15367 15403 I gralloc4: @set_metadata: update dataspace from GM (0x00000000 -> 0x08010000)
08-08 13:59:12.224 15367 15403 I gralloc4: @set_metadata: update dataspace from GM (0x00000000 -> 0x08010000)
08-08 13:59:12.233 15367 15403 I gralloc4: @set_metadata: update dataspace from GM (0x00000000 -> 0x08010000)
08-08 13:59:12.247 15367 15403 I gralloc4: @set_metadata: update dataspace from GM (0x00000000 -> 0x08010000)
08-08 13:59:12.255 15367 15403 I gralloc4: @set_metadata: update dataspace from GM (0x00000000 -> 0x08010000)
08-08 13:59:12.268 15367 15403 I gralloc4: @set_metadata: update dataspace from GM (0x00000000 -> 0x08010000)
08-08 13:59:12.279 15367 15403 I gralloc4: @set_metadata: update dataspace from GM (0x00000000 -> 0x08010000)
08-08 13:59:12.290 15367 15403 I gralloc4: @set_metadata: update dataspace from GM (0x00000000 -> 0x08010000)
08-08 13:59:12.300 15367 15403 I gralloc4: @set_metadata: update dataspace from GM (0x00000000 -> 0x08010000)
08-08 13:59:12.311 15367 15403 I gralloc4: @set_metadata: update dataspace from GM (0x00000000 -> 0x08010000)
08-08 13:59:12.322 15367 15403 I gralloc4: @set_metadata: update dataspace from GM (0x00000000 -> 0x08010000)
08-08 13:59:12.333 15367 15403 I gralloc4: @set_metadata: update dataspace from GM (0x00000000 -> 0x08010000)
08-08 13:59:12.344 15367 15403 I gralloc4: @set_metadata: update dataspace from GM (0x00000000 -> 0x08010000)
08-08 13:59:12.355 15367 15403 I gralloc4: @set_metadata: update dataspace from GM (0x00000000 -> 0x08010000)
08-08 13:59:12.366 15367 15403 I gralloc4: @set_metadata: update dataspace from GM (0x00000000 -> 0x08010000)
08-08 13:59:12.378 15367 15403 I gralloc4: @set_metadata: update dataspace from GM (0x00000000 -> 0x08010000)
08-08 13:59:12.389 15367 15403 I gralloc4: @set_metadata: update dataspace from GM (0x00000000 -> 0x08010000)
08-08 13:59:12.398 15367 15403 I gralloc4: @set_metadata: update dataspace from GM (0x00000000 -> 0x08010000)
08-08 13:59:12.411 15367 15403 I gralloc4: @set_metadata: update dataspace from GM (0x00000000 -> 0x08010000)
08-08 13:59:12.423 15367 15403 I gralloc4: @set_metadata: update dataspace from GM (0x00000000 -> 0x08010000)
08-08 13:59:12.433 15367 15403 I gralloc4: @set_metadata: update dataspace from GM (0x00000000 -> 0x08010000)
08-08 13:59:12.444 15367 15403 I gralloc4: @set_metadata: update dataspace from GM (0x00000000 -> 0x08010000)
08-08 13:59:12.455 15367 15403 I gralloc4: @set_metadata: update dataspace from GM (0x00000000 -> 0x08010000)
08-08 13:59:12.467 15367 15403 I gralloc4: @set_metadata: update dataspace from GM (0x00000000 -> 0x08010000)
08-08 13:59:12.479 15367 15403 I gralloc4: @set_metadata: update dataspace from GM (0x00000000 -> 0x08010000)
08-08 13:59:12.489 15367 15403 I gralloc4: @set_metadata: update dataspace from GM (0x00000000 -> 0x08010000)
08-08 13:59:12.501 15367 15403 I gralloc4: @set_metadata: update dataspace from GM (0x00000000 -> 0x08010000)
08-08 13:59:12.513 15367 15403 I gralloc4: @set_metadata: update dataspace from GM (0x00000000 -> 0x08010000)
08-08 13:59:12.523 15367 15403 I gralloc4: @set_metadata: update dataspace from GM (0x00000000 -> 0x08010000)
08-08 13:59:12.534 15367 15403 I gralloc4: @set_metadata: update dataspace from GM (0x00000000 -> 0x08010000)
08-08 13:59:12.544 15367 15403 I gralloc4: @set_metadata: update dataspace from GM (0x00000000 -> 0x08010000)
08-08 13:59:12.555 15367 15403 I gralloc4: @set_metadata: update dataspace from GM (0x00000000 -> 0x08010000)
08-08 13:59:12.566 15367 15403 I gralloc4: @set_metadata: update dataspace from GM (0x00000000 -> 0x08010000)
08-08 13:59:12.578 15367 15403 I gralloc4: @set_metadata: update dataspace from GM (0x00000000 -> 0x08010000)
08-08 13:59:12.589 15367 15403 I gralloc4: @set_metadata: update dataspace from GM (0x00000000 -> 0x08010000)
08-08 13:59:12.600 15367 15403 I gralloc4: @set_metadata: update dataspace from GM (0x00000000 -> 0x08010000)
08-08 13:59:12.611 15367 15403 I gralloc4: @set_metadata: update dataspace from GM (0x00000000 -> 0x08010000)
08-08 13:59:12.622 15367 15403 I gralloc4: @set_metadata: update dataspace from GM (0x00000000 -> 0x08010000)
08-08 13:59:12.635 15367 15403 I gralloc4: @set_metadata: update dataspace from GM (0x00000000 -> 0x08010000)
08-08 13:59:12.657 15367 15403 I gralloc4: @set_metadata: update dataspace from GM (0x00000000 -> 0x08010000)
08-08 13:59:12.667 15367 15403 I gralloc4: @set_metadata: update dataspace from GM (0x00000000 -> 0x08010000)
08-08 13:59:12.678 15367 15403 I gralloc4: @set_metadata: update dataspace from GM (0x00000000 -> 0x08010000)
08-08 13:59:12.687 15367 15367 D Editor  : Double tap detection is fail
08-08 13:59:12.690 15367 15403 I gralloc4: @set_metadata: update dataspace from GM (0x00000000 -> 0x08010000)
08-08 13:59:12.698 15367 15403 I gralloc4: @set_metadata: update dataspace from GM (0x00000000 -> 0x08010000)
08-08 13:59:12.711 15367 15403 I gralloc4: @set_metadata: update dataspace from GM (0x00000000 -> 0x08010000)
08-08 13:59:12.720 15367 15403 I gralloc4: @set_metadata: update dataspace from GM (0x00000000 -> 0x08010000)
08-08 13:59:12.731 15367 15403 I gralloc4: @set_metadata: update dataspace from GM (0x00000000 -> 0x08010000)
08-08 13:59:12.742 15367 15403 I gralloc4: @set_metadata: update dataspace from GM (0x00000000 -> 0x08010000)
08-08 13:59:12.753 15367 15403 I gralloc4: @set_metadata: update dataspace from GM (0x00000000 -> 0x08010000)
08-08 13:59:12.756 15367 15367 I ScrollIdentify: on fling
08-08 13:59:12.764 15367 15403 I gralloc4: @set_metadata: update dataspace from GM (0x00000000 -> 0x08010000)
08-08 13:59:12.775 15367 15403 I gralloc4: @set_metadata: update dataspace from GM (0x00000000 -> 0x08010000)
08-08 13:59:12.786 15367 15403 I gralloc4: @set_metadata: update dataspace from GM (0x00000000 -> 0x08010000)
08-08 13:59:12.797 15367 15403 I gralloc4: @set_metadata: update dataspace from GM (0x00000000 -> 0x08010000)
08-08 13:59:12.808 15367 15403 I gralloc4: @set_metadata: update dataspace from GM (0x00000000 -> 0x08010000)
08-08 13:59:12.819 15367 15403 I gralloc4: @set_metadata: update dataspace from GM (0x00000000 -> 0x08010000)
08-08 13:59:12.830 15367 15403 I gralloc4: @set_metadata: update dataspace from GM (0x00000000 -> 0x08010000)
08-08 13:59:12.843 15367 15403 I gralloc4: @set_metadata: update dataspace from GM (0x00000000 -> 0x08010000)
08-08 13:59:12.855 15367 15403 I gralloc4: @set_metadata: update dataspace from GM (0x00000000 -> 0x08010000)
08-08 13:59:12.866 15367 15403 I gralloc4: @set_metadata: update dataspace from GM (0x00000000 -> 0x08010000)
08-08 13:59:12.877 15367 15403 I gralloc4: @set_metadata: update dataspace from GM (0x00000000 -> 0x08010000)
08-08 13:59:12.888 15367 15403 I gralloc4: @set_metadata: update dataspace from GM (0x00000000 -> 0x08010000)
08-08 13:59:12.899 15367 15403 I gralloc4: @set_metadata: update dataspace from GM (0x00000000 -> 0x08010000)
08-08 13:59:12.910 15367 15403 I gralloc4: @set_metadata: update dataspace from GM (0x00000000 -> 0x08010000)
08-08 13:59:12.921 15367 15403 I gralloc4: @set_metadata: update dataspace from GM (0x00000000 -> 0x08010000)
08-08 13:59:12.932 15367 15403 I gralloc4: @set_metadata: update dataspace from GM (0x00000000 -> 0x08010000)
08-08 13:59:12.948 15367 15403 I gralloc4: @set_metadata: update dataspace from GM (0x00000000 -> 0x08010000)
08-08 13:59:12.954 15367 15403 I gralloc4: @set_metadata: update dataspace from GM (0x00000000 -> 0x08010000)
08-08 13:59:12.965 15367 15403 I gralloc4: @set_metadata: update dataspace from GM (0x00000000 -> 0x08010000)
08-08 13:59:12.976 15367 15403 I gralloc4: @set_metadata: update dataspace from GM (0x00000000 -> 0x08010000)
08-08 13:59:12.997 15367 15403 I gralloc4: @set_metadata: update dataspace from GM (0x00000000 -> 0x08010000)
08-08 13:59:13.001 15367 15403 I gralloc4: @set_metadata: update dataspace from GM (0x00000000 -> 0x08010000)
08-08 13:59:13.010 15367 15403 I gralloc4: @set_metadata: update dataspace from GM (0x00000000 -> 0x08010000)
08-08 13:59:13.021 15367 15403 I gralloc4: @set_metadata: update dataspace from GM (0x00000000 -> 0x08010000)
08-08 13:59:13.036 15367 15403 I gralloc4: @set_metadata: update dataspace from GM (0x00000000 -> 0x08010000)
08-08 13:59:13.047 15367 15403 I gralloc4: @set_metadata: update dataspace from GM (0x00000000 -> 0x08010000)
08-08 13:59:13.054 15367 15403 I gralloc4: @set_metadata: update dataspace from GM (0x00000000 -> 0x08010000)
08-08 13:59:13.060 15367 15367 E SplineOverScroller: unnecessary adjustClockInNanos, timeInNanos = 74525023504133
08-08 13:59:13.066 15367 15403 I gralloc4: @set_metadata: update dataspace from GM (0x00000000 -> 0x08010000)
08-08 13:59:13.075 15367 15403 I gralloc4: @set_metadata: update dataspace from GM (0x00000000 -> 0x08010000)
08-08 13:59:13.086 15367 15403 I gralloc4: @set_metadata: update dataspace from GM (0x00000000 -> 0x08010000)
08-08 13:59:13.097 15367 15403 I gralloc4: @set_metadata: update dataspace from GM (0x00000000 -> 0x08010000)
08-08 13:59:13.108 15367 15403 I gralloc4: @set_metadata: update dataspace from GM (0x00000000 -> 0x08010000)
08-08 13:59:13.109 15367 15367 D OverScroller: originVelocityY = 22000, wheelVelocity = 20169, temp = 9263.187874800873
08-08 13:59:13.109 15367 15367 D SplineOverScroller: mFlingDuration: 2790,mFlingDistance: 9357.673828125,mVelocity: 20169
08-08 13:59:13.109 15367 15367 I ScrollIdentify: on fling
08-08 13:59:13.119 15367 15403 I gralloc4: @set_metadata: update dataspace from GM (0x00000000 -> 0x08010000)
08-08 13:59:13.130 15367 15403 I gralloc4: @set_metadata: update dataspace from GM (0x00000000 -> 0x08010000)
08-08 13:59:13.142 15367 15403 I gralloc4: @set_metadata: update dataspace from GM (0x00000000 -> 0x08010000)
08-08 13:59:13.153 15367 15403 I gralloc4: @set_metadata: update dataspace from GM (0x00000000 -> 0x08010000)
08-08 13:59:13.164 15367 15403 I gralloc4: @set_metadata: update dataspace from GM (0x00000000 -> 0x08010000)
08-08 13:59:13.175 15367 15403 I gralloc4: @set_metadata: update dataspace from GM (0x00000000 -> 0x08010000)
08-08 13:59:13.186 15367 15403 I gralloc4: @set_metadata: update dataspace from GM (0x00000000 -> 0x08010000)
08-08 13:59:13.204 15367 15403 I gralloc4: @set_metadata: update dataspace from GM (0x00000000 -> 0x08010000)
08-08 13:59:13.211 15367 15403 I gralloc4: @set_metadata: update dataspace from GM (0x00000000 -> 0x08010000)
08-08 13:59:13.222 15367 15403 I gralloc4: @set_metadata: update dataspace from GM (0x00000000 -> 0x08010000)
08-08 13:59:13.233 15367 15403 I gralloc4: @set_metadata: update dataspace from GM (0x00000000 -> 0x08010000)
08-08 13:59:13.244 15367 15403 I gralloc4: @set_metadata: update dataspace from GM (0x00000000 -> 0x08010000)
08-08 13:59:13.257 15367 15403 I gralloc4: @set_metadata: update dataspace from GM (0x00000000 -> 0x08010000)
08-08 13:59:13.269 15367 15403 I gralloc4: @set_metadata: update dataspace from GM (0x00000000 -> 0x08010000)
08-08 13:59:13.276 15367 15403 I gralloc4: @set_metadata: update dataspace from GM (0x00000000 -> 0x08010000)
08-08 13:59:13.288 15367 15403 I gralloc4: @set_metadata: update dataspace from GM (0x00000000 -> 0x08010000)
08-08 13:59:13.299 15367 15403 I gralloc4: @set_metadata: update dataspace from GM (0x00000000 -> 0x08010000)
08-08 13:59:13.310 15367 15403 I gralloc4: @set_metadata: update dataspace from GM (0x00000000 -> 0x08010000)
08-08 13:59:13.321 15367 15403 I gralloc4: @set_metadata: update dataspace from GM (0x00000000 -> 0x08010000)
08-08 13:59:13.332 15367 15403 I gralloc4: @set_metadata: update dataspace from GM (0x00000000 -> 0x08010000)
08-08 13:59:13.344 15367 15403 I gralloc4: @set_metadata: update dataspace from GM (0x00000000 -> 0x08010000)
08-08 13:59:13.355 15367 15403 I gralloc4: @set_metadata: update dataspace from GM (0x00000000 -> 0x08010000)
08-08 13:59:13.366 15367 15403 I gralloc4: @set_metadata: update dataspace from GM (0x00000000 -> 0x08010000)
08-08 13:59:13.382 15367 15403 I gralloc4: @set_metadata: update dataspace from GM (0x00000000 -> 0x08010000)
08-08 13:59:13.392 15367 15403 I gralloc4: @set_metadata: update dataspace from GM (0x00000000 -> 0x08010000)
08-08 13:59:13.399 15367 15403 I gralloc4: @set_metadata: update dataspace from GM (0x00000000 -> 0x08010000)
08-08 13:59:13.413 15367 15403 I gralloc4: @set_metadata: update dataspace from GM (0x00000000 -> 0x08010000)
08-08 13:59:13.426 15367 15403 I gralloc4: @set_metadata: update dataspace from GM (0x00000000 -> 0x08010000)
08-08 13:59:13.433 15367 15403 I gralloc4: @set_metadata: update dataspace from GM (0x00000000 -> 0x08010000)
08-08 13:59:13.443 15367 15403 I gralloc4: @set_metadata: update dataspace from GM (0x00000000 -> 0x08010000)
08-08 13:59:13.455 15367 15403 I gralloc4: @set_metadata: update dataspace from GM (0x00000000 -> 0x08010000)
08-08 13:59:13.465 15367 15403 I gralloc4: @set_metadata: update dataspace from GM (0x00000000 -> 0x08010000)
08-08 13:59:13.477 15367 15403 I gralloc4: @set_metadata: update dataspace from GM (0x00000000 -> 0x08010000)
08-08 13:59:13.488 15367 15403 I gralloc4: @set_metadata: update dataspace from GM (0x00000000 -> 0x08010000)
08-08 13:59:13.502 15367 15403 I gralloc4: @set_metadata: update dataspace from GM (0x00000000 -> 0x08010000)
08-08 13:59:13.509 15367 15403 I gralloc4: @set_metadata: update dataspace from GM (0x00000000 -> 0x08010000)
08-08 13:59:13.520 15367 15403 I gralloc4: @set_metadata: update dataspace from GM (0x00000000 -> 0x08010000)
08-08 13:59:13.535 15367 15403 I gralloc4: @set_metadata: update dataspace from GM (0x00000000 -> 0x08010000)
08-08 13:59:13.547 15367 15403 I gralloc4: @set_metadata: update dataspace from GM (0x00000000 -> 0x08010000)
08-08 13:59:13.555 15367 15403 I gralloc4: @set_metadata: update dataspace from GM (0x00000000 -> 0x08010000)
08-08 13:59:13.556 15367 15367 E SplineOverScroller: unnecessary adjustClockInNanos, timeInNanos = 74525518737749
08-08 13:59:13.563 15367 15403 I gralloc4: @set_metadata: update dataspace from GM (0x00000000 -> 0x08010000)
08-08 13:59:13.586 15367 15403 I gralloc4: @set_metadata: update dataspace from GM (0x00000000 -> 0x08010000)
08-08 13:59:13.597 15367 15403 I gralloc4: @set_metadata: update dataspace from GM (0x00000000 -> 0x08010000)
08-08 13:59:13.608 15367 15403 I gralloc4: @set_metadata: update dataspace from GM (0x00000000 -> 0x08010000)
08-08 13:59:13.619 15367 15403 I gralloc4: @set_metadata: update dataspace from GM (0x00000000 -> 0x08010000)
08-08 13:59:13.631 15367 15403 I gralloc4: @set_metadata: update dataspace from GM (0x00000000 -> 0x08010000)
08-08 13:59:13.636 15367 15367 D SplineOverScroller: mFlingDuration: 2809,mFlingDistance: 9744.185546875,mVelocity: 21000
08-08 13:59:13.636 15367 15367 I ScrollIdentify: on fling
08-08 13:59:13.642 15367 15403 I gralloc4: @set_metadata: update dataspace from GM (0x00000000 -> 0x08010000)
08-08 13:59:13.653 15367 15403 I gralloc4: @set_metadata: update dataspace from GM (0x00000000 -> 0x08010000)
08-08 13:59:13.664 15367 15403 I gralloc4: @set_metadata: update dataspace from GM (0x00000000 -> 0x08010000)
08-08 13:59:13.675 15367 15403 I gralloc4: @set_metadata: update dataspace from GM (0x00000000 -> 0x08010000)
08-08 13:59:13.686 15367 15403 I gralloc4: @set_metadata: update dataspace from GM (0x00000000 -> 0x08010000)
08-08 13:59:13.697 15367 15403 I gralloc4: @set_metadata: update dataspace from GM (0x00000000 -> 0x08010000)
